// Jest Snapshot v1, https://goo.gl/fbAQLP

exports[`testing data data is correct 1`] = `
Object {
  "breads": Array [
    Object {
      "category": "breads",
      "countInStock": 20,
      "description": "",
      "id": "1",
      "image": "/images/breads/breadbowl.png",
      "name": "Assorted 1LB Bread Bowl",
      "numReviews": 10,
      "price": 4,
      "rating": 4.5,
    },
    Object {
      "category": "breads",
      "countInStock": 20,
      "description": "",
      "id": "2",
      "image": "/images/breads/ciabatta.png",
      "name": "Assorted 4x4 Ciabatta",
      "numReviews": 10,
      "price": 2,
      "rating": 4.5,
    },
    Object {
      "category": "breads",
      "countInStock": 20,
      "description": "",
      "id": "3",
      "image": "/images/breads/olive.png",
      "name": "Olive Parmesean Pumperknickle",
      "numReviews": 10,
      "price": 4,
      "rating": 4.5,
    },
    Object {
      "category": "breads",
      "countInStock": 20,
      "description": "",
      "id": "4",
      "image": "/images/breads/pretzel.png",
      "name": "Pretzel Rolls",
      "numReviews": 10,
      "price": 4,
      "rating": 4.5,
    },
    Object {
      "category": "breads",
      "countInStock": 20,
      "description": "",
      "id": "5",
      "image": "/images/breads/sevengrain.png",
      "name": "Seven Grain Rosemary",
      "numReviews": 10,
      "price": 3,
      "rating": 4.5,
    },
    Object {
      "category": "breads",
      "countInStock": 20,
      "description": "",
      "id": "6",
      "image": "/images/breads/assorted_artisan_rolls.png",
      "name": "Dozen of Assorted Artisan Rolls",
      "numReviews": 10,
      "price": 4,
      "rating": 4.5,
    },
    Object {
      "category": "breads",
      "countInStock": 20,
      "description": "",
      "id": "7",
      "image": "/images/breads/assorted_dinner_rolls.png",
      "name": "Dozen of Assorted Dinner Rolls",
      "numReviews": 10,
      "price": 4,
      "rating": 4.5,
    },
    Object {
      "category": "breads",
      "countInStock": 20,
      "description": "",
      "id": "8",
      "image": "/images/breads/assorted_french_baguette.png",
      "name": "Assorted French Baguette",
      "numReviews": 10,
      "price": 3,
      "rating": 4.5,
    },
    Object {
      "category": "breads",
      "countInStock": 20,
      "description": "",
      "id": "9",
      "image": "/images/breads/assorted_sandwich_foccacia.png",
      "name": "Foccacia 4x4",
      "numReviews": 10,
      "price": 3,
      "rating": 4.5,
    },
    Object {
      "category": "breads",
      "countInStock": 20,
      "description": "",
      "id": "10",
      "image": "/images/breads/kaiser_rolls.png",
      "name": "Kaiser Rolls",
      "numReviews": 10,
      "price": 20,
      "rating": 4.5,
    },
  ],
  "breakfast": Array [
    Object {
      "category": "",
      "countInStock": 20,
      "description": "",
      "id": "11",
      "image": "/images/breakfast/apple.png",
      "name": "Apple Cheese Spinwheel",
      "numReviews": 10,
      "price": 2,
      "rating": 4.5,
    },
    Object {
      "category": "",
      "countInStock": 20,
      "description": "",
      "id": "12",
      "image": "/images/breakfast/cheese.png",
      "name": "Cheese Croissant",
      "numReviews": 10,
      "price": 2,
      "rating": 4.5,
    },
    Object {
      "category": "",
      "countInStock": 20,
      "description": "",
      "id": "13",
      "image": "/images/breakfast/chocolate.png",
      "name": "Chocolate Croissant",
      "numReviews": 10,
      "price": 2,
      "rating": 4.5,
    },
    Object {
      "category": "",
      "countInStock": 20,
      "description": "",
      "id": "14",
      "image": "/images/breakfast/raspberry.png",
      "name": "Raspberry Croissant",
      "numReviews": 10,
      "price": 2,
      "rating": 4.5,
    },
    Object {
      "category": "",
      "countInStock": 20,
      "description": "",
      "id": "15",
      "image": "/images/breakfast/white.png",
      "name": "White Chocolate Macadamia",
      "numReviews": 10,
      "price": 2,
      "rating": 4.5,
    },
    Object {
      "category": "",
      "countInStock": 20,
      "description": "",
      "id": "16",
      "image": "/images/breakfast/almond.png",
      "name": "Almond Croissant",
      "numReviews": 10,
      "price": 2,
      "rating": 4.5,
    },
    Object {
      "category": "",
      "countInStock": 20,
      "description": "",
      "id": "17",
      "image": "/images/breakfast/apple_normandie.png",
      "name": "Apple Normandie Danish",
      "numReviews": 10,
      "price": 2,
      "rating": 4.5,
    },
    Object {
      "category": "",
      "countInStock": 20,
      "description": "",
      "id": "18",
      "image": "/images/breakfast/cherry.png",
      "name": "Cherry Danish",
      "numReviews": 10,
      "price": 2,
      "rating": 4.5,
    },
    Object {
      "category": "",
      "countInStock": 20,
      "description": "",
      "id": "19",
      "image": "/images/breakfast/cinnamon_twist.png",
      "name": "Cinnamon Twist",
      "numReviews": 10,
      "price": 2,
      "rating": 4.5,
    },
    Object {
      "category": "",
      "countInStock": 20,
      "description": "",
      "id": "20",
      "image": "/images/breakfast/raspberry.png",
      "name": "Ham and Cheese Croissant",
      "numReviews": 10,
      "price": 2,
      "rating": 4.5,
    },
  ],
  "cakes": Array [
    Object {
      "category": "",
      "countInStock": 20,
      "description": "",
      "id": "21",
      "image": "/images/cakes/mousse.png",
      "name": "Chocolate Mousse",
      "numReviews": 10,
      "price": 20,
      "rating": 4.5,
    },
    Object {
      "category": "",
      "countInStock": 20,
      "description": "",
      "id": "22",
      "image": "/images/cakes/cheese.png",
      "name": "La Cheese Cake",
      "numReviews": 10,
      "price": 21,
      "rating": 4.5,
    },
    Object {
      "category": "",
      "countInStock": 20,
      "description": "",
      "id": "23",
      "image": "/images/cakes/mango.png",
      "name": "Mango Mousse",
      "numReviews": 10,
      "price": 20,
      "rating": 4.5,
    },
    Object {
      "category": "",
      "countInStock": 20,
      "description": "",
      "id": "24",
      "image": "/images/cakes/pina.png",
      "name": "Pina Colada",
      "numReviews": 10,
      "price": 25,
      "rating": 4.5,
    },
    Object {
      "category": "",
      "countInStock": 20,
      "description": "",
      "id": "25",
      "image": "/images/cakes/redvelvet.png",
      "name": "Red Velvet",
      "numReviews": 10,
      "price": 23,
      "rating": 4.5,
    },
    Object {
      "category": "",
      "countInStock": 20,
      "description": "",
      "id": "26",
      "image": "/images/cakes/tiramisu.png",
      "name": "Tiramisu",
      "numReviews": 10,
      "price": 23,
      "rating": 4.5,
    },
    Object {
      "category": "",
      "countInStock": 20,
      "description": "",
      "id": "27",
      "image": "/images/cakes/carrot_retail.png",
      "name": "Carrot Cake",
      "numReviews": 10,
      "price": 25,
      "rating": 4.5,
    },
    Object {
      "category": "",
      "countInStock": 20,
      "description": "",
      "id": "28",
      "image": "/images/cakes/chocolate_suicide_retail.png",
      "name": "Chocolate Suicide",
      "numReviews": 10,
      "price": 20,
      "rating": 4.5,
    },
    Object {
      "category": "",
      "countInStock": 20,
      "description": "",
      "id": "29",
      "image": "/images/cakes/german_chocolate_retail.png",
      "name": "German Chocolate Cake",
      "numReviews": 10,
      "price": 20,
      "rating": 4.5,
    },
    Object {
      "category": "",
      "countInStock": 20,
      "description": "",
      "id": "30",
      "image": "/images/cakes/pina_colada_retail.png",
      "name": "Pi√±a Colada",
      "numReviews": 10,
      "price": 20,
      "rating": 4.5,
    },
    Object {
      "category": "",
      "countInStock": 20,
      "description": "",
      "id": "31",
      "image": "/images/cakes/tres_leches_retail.png",
      "name": "Tres Leches",
      "numReviews": 10,
      "price": 20,
      "rating": 4.5,
    },
  ],
  "desserts": Array [
    Object {
      "category": "",
      "countInStock": 20,
      "description": "",
      "id": "32",
      "image": "/images/desserts/cannoli.png",
      "name": "Cannoli",
      "numReviews": 10,
      "price": 3,
      "rating": 4.5,
    },
    Object {
      "category": "",
      "countInStock": 20,
      "description": "",
      "id": "33",
      "image": "/images/desserts/cappuccino.png",
      "name": "Cappuccino Mousse",
      "numReviews": 10,
      "price": 3,
      "rating": 4.5,
    },
    Object {
      "category": "",
      "countInStock": 20,
      "description": "",
      "id": "34",
      "image": "/images/desserts/caramel.png",
      "name": "Caramel Flan",
      "numReviews": 10,
      "price": 3,
      "rating": 4.5,
    },
    Object {
      "category": "",
      "countInStock": 20,
      "description": "",
      "id": "35",
      "image": "/images/desserts/eclair.png",
      "name": "Chocolate Eclair",
      "numReviews": 10,
      "price": 3,
      "rating": 4.5,
    },
    Object {
      "category": "",
      "countInStock": 20,
      "description": "",
      "id": "36",
      "image": "/images/desserts/grandmarnier.png",
      "name": "Chocolate Grand Marnier",
      "numReviews": 10,
      "price": 3,
      "rating": 4.5,
    },
    Object {
      "category": "",
      "countInStock": 20,
      "description": "",
      "id": "37",
      "image": "/images/desserts/mix_fruit_florentine.png",
      "name": "Mixed Fruit Florentine",
      "numReviews": 10,
      "price": 3,
      "rating": 4.5,
    },
    Object {
      "category": "",
      "countInStock": 20,
      "description": "",
      "id": "38",
      "image": "/images/desserts/black_forest.png",
      "name": "Black Forest",
      "numReviews": 10,
      "price": 3,
      "rating": 4.5,
    },
    Object {
      "category": "",
      "countInStock": 20,
      "description": "",
      "id": "39",
      "image": "/images/desserts/cappuccino_eclair.png",
      "name": "Cappuccino Eclair",
      "numReviews": 10,
      "price": 3,
      "rating": 4.5,
    },
    Object {
      "category": "",
      "countInStock": 20,
      "description": "",
      "id": "40",
      "image": "/images/desserts/carrot_cake.png",
      "name": "Carrot Cake",
      "numReviews": 10,
      "price": 3,
      "rating": 4.5,
    },
    Object {
      "category": "",
      "countInStock": 20,
      "description": "",
      "id": "41",
      "image": "/images/desserts/chocolate_suicide.png",
      "name": "Chocolate Suicide",
      "numReviews": 10,
      "price": 3,
      "rating": 4.5,
    },
    Object {
      "category": "",
      "countInStock": 20,
      "description": "",
      "id": "42",
      "image": "/images/desserts/mango_mousse.png",
      "name": "Mango Mousse",
      "numReviews": 10,
      "price": 3,
      "rating": 4.5,
    },
  ],
}
`;
